// Jest Snapshot v1, https://goo.gl/fbAQLP

exports[`matches weapons: weapon 1`] = `
Object {
  "aps": Value {
    "augmented": true,
    "classification": Array [],
    "modifiers": Array [],
    "range": ValueRange {
      "max": 146,
      "min": 144,
    },
  },
  "base": Object {
    "id": "Metadata/Items/Weapons/OneHandWeapons/Daggers/Dagger20",
  },
  "chaos_damage": Array [
    Array [
      47,
      72,
    ],
    Array [
      98,
      123,
    ],
  ],
  "cold_damage": Array [
    0,
    0,
  ],
  "corrupted": true,
  "crit": Value {
    "augmented": false,
    "classification": Array [],
    "modifiers": Array [],
    "range": ValueRange {
      "max": 650,
      "min": 650,
    },
  },
  "elder": false,
  "explicitStats": Array [
    "(155–169)% increased Physical Damage",
    "(20–22)% increased Attack Speed",
    "Adds (47–72) to (98–123) Chaos Damage",
  ],
  "fire_damage": Array [
    0,
    0,
  ],
  "implicitStats": Array [
    "50% increased Global Critical Strike Chance",
  ],
  "lightning_damage": Array [
    0,
    0,
  ],
  "name": "Random Name",
  "physical_damage": Object {
    "augmented": true,
    "value": Array [
      Array [
        61,
        64,
      ],
      Array [
        242,
        255,
      ],
    ],
  },
  "prefix": "LocalIncreasedPhysicalDamagePercent7",
  "quality": 0,
  "range": Value {
    "augmented": false,
    "classification": Array [],
    "modifiers": Array [],
    "range": ValueRange {
      "max": 8,
      "min": 8,
    },
  },
  "rarity": "rare",
  "requirements": Object {
    "dexterity": Value {
      "augmented": false,
      "classification": Array [],
      "modifiers": Array [],
      "range": ValueRange {
        "max": 76,
        "min": 76,
      },
    },
    "intelligence": Value {
      "augmented": false,
      "classification": Array [],
      "modifiers": Array [],
      "range": ValueRange {
        "max": 149,
        "min": 149,
      },
    },
    "level": Value {
      "augmented": false,
      "classification": Array [],
      "modifiers": Array [],
      "range": ValueRange {
        "max": 66,
        "min": 66,
      },
    },
    "strength": Value {
      "augmented": false,
      "classification": Array [],
      "modifiers": Array [],
      "range": ValueRange {
        "max": 0,
        "min": 0,
      },
    },
  },
  "shaper": false,
  "suffix": "LocalIncreasedAttackSpeed6",
}
`;
