// Jest Snapshot v1, https://goo.gl/fbAQLP

exports[`should use special rarity 1`] = `
Array [
  "LocalIncreasedPhysicalDamageReductionRatingPercent1",
  "LocalIncreasedPhysicalDamageReductionRatingPercent2",
  "LocalIncreasedPhysicalDamageReductionRatingPercent3",
  "LocalIncreasedPhysicalDamageReductionRatingPercent4",
  "LocalIncreasedPhysicalDamageReductionRatingPercent5",
  "LocalIncreasedPhysicalDamageReductionRatingPercent6",
  "LocalIncreasedPhysicalDamageReductionRatingPercent7",
  "LocalIncreasedPhysicalDamageReductionRatingPercentAndStunRecovery1",
  "LocalIncreasedPhysicalDamageReductionRatingPercentAndStunRecovery2",
  "LocalIncreasedPhysicalDamageReductionRatingPercentAndStunRecovery3",
  "LocalIncreasedPhysicalDamageReductionRatingPercentAndStunRecovery4",
  "LocalIncreasedPhysicalDamageReductionRatingPercentAndStunRecovery5",
  "LocalIncreasedPhysicalDamageReductionRatingPercentAndStunRecovery6",
  "LocalIncreasedPhysicalDamageReductionRating1",
  "LocalIncreasedPhysicalDamageReductionRating2",
  "LocalIncreasedPhysicalDamageReductionRating3",
  "LocalBaseArmourAndLife1",
  "LocalBaseArmourAndLife2",
  "MovementVelocity1",
  "MovementVelocity2",
  "MovementVelocity3",
  "MovementVelocity4",
  "MovementVelocity5",
  "MovementVelocity6",
  "ItemFoundRarityIncreasePrefix1",
  "ItemFoundRarityIncreasePrefix2",
  "LocalIncreasedEnergyShieldEssenceBootsGloves7",
  "IncreasedLifeEssenceBootsGloves1",
  "AttackerTakesDamageEssence7",
  "LocalIncreasedEvasionRatingEssenceGlovesBoots7",
  "MovementVelocityEssence7",
  "IncreasedManaEssence7",
  "LocalIncreasedPhysicalDamageReductionRatingEssenceBootsGloves7",
]
`;
