// Jest Snapshot v1, https://goo.gl/fbAQLP

exports[`ignores internal spawnweights 1`] = `
Array [
  Object {
    "applicable": Object {
      "above_lld_level": false,
      "already_present": false,
      "domain_full": true,
      "lower_ilvl": false,
      "wrong_domain": false,
    },
    "mod": "GrantsCatAspectCrafted",
  },
  Object {
    "applicable": Object {
      "above_lld_level": false,
      "already_present": false,
      "domain_full": true,
      "lower_ilvl": false,
      "wrong_domain": false,
    },
    "mod": "GrantsBirdAspectCrafted",
  },
  Object {
    "applicable": Object {
      "above_lld_level": false,
      "already_present": false,
      "domain_full": true,
      "lower_ilvl": false,
      "wrong_domain": false,
    },
    "mod": "GrantsSpiderAspectCrafted",
  },
  Object {
    "applicable": Object {
      "above_lld_level": false,
      "already_present": false,
      "domain_full": true,
      "lower_ilvl": false,
      "wrong_domain": false,
    },
    "mod": "GrantsCrabAspectCrafted",
  },
]
`;
