// Jest Snapshot v1, https://goo.gl/fbAQLP

exports[`should calc mods from sextants 1`] = `
Array [
  "MapAtlasBossAdditionalUnique",
  "MapAtlasBossDropsCorruptedItems",
  "MapAtlasUnIDedMapsGrantQuantity",
  "MapAtlasContainsMaster",
  "MapAtlasContainsAdditionalRandomBoss",
  "MapAtlasMoveAttackCastSpeed",
  "MapAtlasFireDamageAndPacks",
  "MapAtlasColdDamageAndPacks",
  "MapAtlasLightningDamageAndPacks",
  "MapAtlasPhysicalDamageAndPacks_",
  "MapAtlasChaosDamageAndPacks_",
  "MapAtlasGroundHaste",
  "MapAtlasUniqueMonstersDropCorruptedItems",
  "MapAtlasMapsHave20PercentQuality",
  "MapAtlasMapQualityBonusAlsoAppliesToRarity",
  "MapAtlasPlayersDamageDealtAndTakenWhileStationary_",
  "MapAtlasOnslaughtWhenHitAndOnslaughtEffect",
  "MapAtlasContainsZanaMission",
  "MapAtlasContainsEinharMission__",
  "MapAtlasContainsAlvaMission",
  "MapAtlasContainsNikoMission",
  "MapAtlasStrongboxesAreCorruptedAndUnided",
  "MapAtlasMagicPackSize",
  "MapAtlasRogueExilesDamageAndDropAdditionalJewels",
  "MapAtlasMagicAndRareMapsHaveAdditionalPacks",
  "MapAtlasReducedReflectedDamageTakenMirroredRares",
  "MapAtlasClustersOfWealthyBarrels",
  "MapAtlasClustersOfVolatileBarrels",
  "MapAtlasClustersOfBloodwormBarrels",
  "MapAtlasClustersOfParasiteBarrels",
  "MapAtlasClustersOfBeaconBarrels",
  "MapAtlasStrongboxMonstersEnrageAndDrops",
  "MapAtlasPoisonEffectsAndParasites",
  "MapAtlasHighValueEnemiesOnOwnTeam",
  "MapAtlasMontersThatConvertOnDeath__",
  "MapAtlasInstantFlasksAndHealingMonsters",
  "MapAtlasBodyguardsAndBossMapDrops",
  "MapAtlasCurseEffectOnPlayersAndMonsters",
  "MapAtlasAdditionalBreaches",
  "MapAtlasAdditionalAbysses",
]
`;
